Archive member included because of file (symbol)

d:/imt_sdk_win_64/winavr/bin/../lib/gcc/avr/4.3.3/avr5\libgcc.a(_mulsi3.o)
                              ./MCAL/TIMER0/TIMER0_Program.o (__mulsi3)
d:/imt_sdk_win_64/winavr/bin/../lib/gcc/avr/4.3.3/avr5\libgcc.a(_divmodhi4.o)
                              ./MCAL/TIMER0/TIMER0_Program.o (__divmodhi4)
d:/imt_sdk_win_64/winavr/bin/../lib/gcc/avr/4.3.3/avr5\libgcc.a(_udivmodsi4.o)
                              ./MCAL/UART/UART_Program.o (__udivmodsi4)
d:/imt_sdk_win_64/winavr/bin/../lib/gcc/avr/4.3.3/avr5\libgcc.a(_divmodsi4.o)
                              ./MCAL/TIMER0/TIMER0_Program.o (__divmodsi4)
d:/imt_sdk_win_64/winavr/bin/../lib/gcc/avr/4.3.3/avr5\libgcc.a(_exit.o)
                              d:/imt_sdk_win_64/winavr/bin/../lib/gcc/avr/4.3.3/../../../../avr/lib/avr5/crtm32.o (exit)
d:/imt_sdk_win_64/winavr/bin/../lib/gcc/avr/4.3.3/avr5\libgcc.a(_copy_data.o)
                              ./MCAL/TIMER1/TIMER1_Cfg.o (__do_copy_data)
d:/imt_sdk_win_64/winavr/bin/../lib/gcc/avr/4.3.3/avr5\libgcc.a(_clear_bss.o)
                              ./MCAL/UART/UART_Program.o (__do_clear_bss)
d:/imt_sdk_win_64/winavr/bin/../lib/gcc/avr/4.3.3/avr5\libgcc.a(_fixunssfsi.o)
                              ./MCAL/TIMER1/TIMER1_Program.o (__fixunssfsi)
d:/imt_sdk_win_64/winavr/bin/../lib/gcc/avr/4.3.3/avr5\libgcc.a(_addsub_sf.o)
                              ./MCAL/TIMER1/TIMER1_Program.o (__subsf3)
d:/imt_sdk_win_64/winavr/bin/../lib/gcc/avr/4.3.3/avr5\libgcc.a(_mul_sf.o)
                              ./MCAL/TIMER1/TIMER1_Program.o (__mulsf3)
d:/imt_sdk_win_64/winavr/bin/../lib/gcc/avr/4.3.3/avr5\libgcc.a(_div_sf.o)
                              ./MCAL/TIMER1/TIMER1_Program.o (__divsf3)
d:/imt_sdk_win_64/winavr/bin/../lib/gcc/avr/4.3.3/avr5\libgcc.a(_gt_sf.o)
                              ./MCAL/ADC/ADC_Program.o (__gtsf2)
d:/imt_sdk_win_64/winavr/bin/../lib/gcc/avr/4.3.3/avr5\libgcc.a(_ge_sf.o)
                              d:/imt_sdk_win_64/winavr/bin/../lib/gcc/avr/4.3.3/avr5\libgcc.a(_fixunssfsi.o) (__gesf2)
d:/imt_sdk_win_64/winavr/bin/../lib/gcc/avr/4.3.3/avr5\libgcc.a(_lt_sf.o)
                              ./MCAL/ADC/ADC_Program.o (__ltsf2)
d:/imt_sdk_win_64/winavr/bin/../lib/gcc/avr/4.3.3/avr5\libgcc.a(_sf_to_si.o)
                              d:/imt_sdk_win_64/winavr/bin/../lib/gcc/avr/4.3.3/avr5\libgcc.a(_fixunssfsi.o) (__fixsfsi)
d:/imt_sdk_win_64/winavr/bin/../lib/gcc/avr/4.3.3/avr5\libgcc.a(_thenan_sf.o)
                              d:/imt_sdk_win_64/winavr/bin/../lib/gcc/avr/4.3.3/avr5\libgcc.a(_addsub_sf.o) (__thenan_sf)
d:/imt_sdk_win_64/winavr/bin/../lib/gcc/avr/4.3.3/avr5\libgcc.a(_usi_to_sf.o)
                              ./MCAL/TIMER1/TIMER1_Program.o (__floatunsisf)
d:/imt_sdk_win_64/winavr/bin/../lib/gcc/avr/4.3.3/avr5\libgcc.a(_udivmodhi4.o)
                              d:/imt_sdk_win_64/winavr/bin/../lib/gcc/avr/4.3.3/avr5\libgcc.a(_divmodhi4.o) (__udivmodhi4)
d:/imt_sdk_win_64/winavr/bin/../lib/gcc/avr/4.3.3/avr5\libgcc.a(_prologue.o)
                              d:/imt_sdk_win_64/winavr/bin/../lib/gcc/avr/4.3.3/avr5\libgcc.a(_addsub_sf.o) (__prologue_saves__)
d:/imt_sdk_win_64/winavr/bin/../lib/gcc/avr/4.3.3/avr5\libgcc.a(_epilogue.o)
                              d:/imt_sdk_win_64/winavr/bin/../lib/gcc/avr/4.3.3/avr5\libgcc.a(_addsub_sf.o) (__epilogue_restores__)
d:/imt_sdk_win_64/winavr/bin/../lib/gcc/avr/4.3.3/avr5\libgcc.a(_clzsi2.o)
                              d:/imt_sdk_win_64/winavr/bin/../lib/gcc/avr/4.3.3/avr5\libgcc.a(_usi_to_sf.o) (__clzsi2)
d:/imt_sdk_win_64/winavr/bin/../lib/gcc/avr/4.3.3/avr5\libgcc.a(_pack_sf.o)
                              d:/imt_sdk_win_64/winavr/bin/../lib/gcc/avr/4.3.3/avr5\libgcc.a(_addsub_sf.o) (__pack_f)
d:/imt_sdk_win_64/winavr/bin/../lib/gcc/avr/4.3.3/avr5\libgcc.a(_unpack_sf.o)
                              d:/imt_sdk_win_64/winavr/bin/../lib/gcc/avr/4.3.3/avr5\libgcc.a(_addsub_sf.o) (__unpack_f)
d:/imt_sdk_win_64/winavr/bin/../lib/gcc/avr/4.3.3/avr5\libgcc.a(_fpcmp_parts_sf.o)
                              d:/imt_sdk_win_64/winavr/bin/../lib/gcc/avr/4.3.3/avr5\libgcc.a(_gt_sf.o) (__fpcmp_parts_f)
d:/imt_sdk_win_64/winavr/bin/../lib/gcc/avr/4.3.3/avr5\libgcc.a(_clz.o)
                              d:/imt_sdk_win_64/winavr/bin/../lib/gcc/avr/4.3.3/avr5\libgcc.a(_clzsi2.o) (__clz_tab)
d:/imt_sdk_win_64/winavr/bin/../lib/gcc/avr/4.3.3/../../../../avr/lib/avr5\libc.a(strcmp.o)
                              ./APP/main.o (strcmp)

Allocating common symbols
Common symbol       size              file

GLobal_Timer_mode   0x1               ./MCAL/TIMER0/TIMER0_Program.o
OC1_GlobalValue     0x1               ./MCAL/TIMER1/TIMER1_Program.o
Global_prescaler    0x1               ./MCAL/TIMER1/TIMER1_Program.o
uart_rx_buffer      0x80              ./MCAL/UART/UART_Program.o

Memory Configuration

Name             Origin             Length             Attributes
text             0x00000000         0x00020000         xr
data             0x00800060         0x0000ffa0         rw !x
eeprom           0x00810000         0x00010000         rw !x
fuse             0x00820000         0x00000400         rw !x
lock             0x00830000         0x00000400         rw !x
signature        0x00840000         0x00000400         rw !x
*default*        0x00000000         0xffffffff

Linker script and memory map

LOAD d:/imt_sdk_win_64/winavr/bin/../lib/gcc/avr/4.3.3/../../../../avr/lib/avr5/crtm32.o
LOAD ./MCAL/WDT/WDT_Program.o
LOAD ./MCAL/UART/UART_Cfg.o
LOAD ./MCAL/UART/UART_Program.o
LOAD ./MCAL/TWI/TWI_Program.o
LOAD ./MCAL/TWI/TWI_cfg.o
LOAD ./MCAL/TIMER1/TIMER1_Cfg.o
LOAD ./MCAL/TIMER1/TIMER1_Program.o
LOAD ./MCAL/TIMER0/TIMER0_Program.o
LOAD ./MCAL/TIMER0/TIMER0_cfg.o
LOAD ./MCAL/SPI/SPI_Cfg.o
LOAD ./MCAL/SPI/SPI_Program.o
LOAD ./MCAL/GIE/GIE_Program.o
LOAD ./MCAL/EXINT/EXIT_Program.o
LOAD ./MCAL/EXINT/EXIT_cfg.o
LOAD ./MCAL/DIO/DIO_cfg.o
LOAD ./MCAL/DIO/DIO_program.o
LOAD ./MCAL/ADC/ADC_Cfg.o
LOAD ./MCAL/ADC/ADC_Program.o
LOAD ./HAL/LED/LED_Cfg.o
LOAD ./HAL/LED/LED_Program.o
LOAD ./HAL/LCD/LCD_Program.o
LOAD ./HAL/KEYPAD/KEYPAD_Program.o
LOAD ./HAL/KEYPAD/KEYPAD_cfg.o
LOAD ./HAL/EEPROM/EEPROM_Program.o
LOAD ./HAL/DC_MOTOR/DC_MOTOR_Program.o
LOAD ./HAL/DC_MOTOR/DC_MOTOR_cfg.o
LOAD ./HAL/BTNS/BTN2/BTN2_Program.o
LOAD ./HAL/BTNS/BTN1/BTN1_Program.o
LOAD ./HAL/BTNS/BTN0/BTN0_Program.o
LOAD ./HAL/7_Ssegment/7Segment_Program.o
LOAD ./APP/main.o
LOAD d:/imt_sdk_win_64/winavr/bin/../lib/gcc/avr/4.3.3/avr5\libgcc.a
LOAD d:/imt_sdk_win_64/winavr/bin/../lib/gcc/avr/4.3.3/../../../../avr/lib/avr5\libc.a
LOAD d:/imt_sdk_win_64/winavr/bin/../lib/gcc/avr/4.3.3/avr5\libgcc.a

.hash
 *(.hash)

.dynsym
 *(.dynsym)

.dynstr
 *(.dynstr)

.gnu.version
 *(.gnu.version)

.gnu.version_d
 *(.gnu.version_d)

.gnu.version_r
 *(.gnu.version_r)

.rel.init
 *(.rel.init)

.rela.init
 *(.rela.init)

.rel.text
 *(.rel.text)
 *(.rel.text.*)
 *(.rel.gnu.linkonce.t*)

.rela.text
 *(.rela.text)
 *(.rela.text.*)
 *(.rela.gnu.linkonce.t*)

.rel.fini
 *(.rel.fini)

.rela.fini
 *(.rela.fini)

.rel.rodata
 *(.rel.rodata)
 *(.rel.rodata.*)
 *(.rel.gnu.linkonce.r*)

.rela.rodata
 *(.rela.rodata)
 *(.rela.rodata.*)
 *(.rela.gnu.linkonce.r*)

.rel.data
 *(.rel.data)
 *(.rel.data.*)
 *(.rel.gnu.linkonce.d*)

.rela.data
 *(.rela.data)
 *(.rela.data.*)
 *(.rela.gnu.linkonce.d*)

.rel.ctors
 *(.rel.ctors)

.rela.ctors
 *(.rela.ctors)

.rel.dtors
 *(.rel.dtors)

.rela.dtors
 *(.rela.dtors)

.rel.got
 *(.rel.got)

.rela.got
 *(.rela.got)

.rel.bss
 *(.rel.bss)

.rela.bss
 *(.rela.bss)

.rel.plt
 *(.rel.plt)

.rela.plt
 *(.rela.plt)

.text           0x00000000     0x4626
 *(.vectors)
 .vectors       0x00000000       0x54 d:/imt_sdk_win_64/winavr/bin/../lib/gcc/avr/4.3.3/../../../../avr/lib/avr5/crtm32.o
                0x00000000                __vectors
                0x00000000                __vector_default
 *(.vectors)
 *(.progmem.gcc*)
 *(.progmem*)
                0x00000054                . = ALIGN (0x2)
                0x00000054                __trampolines_start = .
 *(.trampolines)
 .trampolines   0x00000054        0x0 linker stubs
 *(.trampolines*)
                0x00000054                __trampolines_end = .
 *(.jumptables)
 *(.jumptables*)
 *(.lowtext)
 *(.lowtext*)
                0x00000054                __ctors_start = .
 *(.ctors)
                0x00000054                __ctors_end = .
                0x00000054                __dtors_start = .
 *(.dtors)
                0x00000054                __dtors_end = .
 SORT(*)(.ctors)
 SORT(*)(.dtors)
 *(.init0)
 .init0         0x00000054        0x0 d:/imt_sdk_win_64/winavr/bin/../lib/gcc/avr/4.3.3/../../../../avr/lib/avr5/crtm32.o
                0x00000054                __init
 *(.init0)
 *(.init1)
 *(.init1)
 *(.init2)
 .init2         0x00000054        0xc d:/imt_sdk_win_64/winavr/bin/../lib/gcc/avr/4.3.3/../../../../avr/lib/avr5/crtm32.o
 *(.init2)
 *(.init3)
 *(.init3)
 *(.init4)
 .init4         0x00000060       0x16 d:/imt_sdk_win_64/winavr/bin/../lib/gcc/avr/4.3.3/avr5\libgcc.a(_copy_data.o)
                0x00000060                __do_copy_data
 .init4         0x00000076       0x10 d:/imt_sdk_win_64/winavr/bin/../lib/gcc/avr/4.3.3/avr5\libgcc.a(_clear_bss.o)
                0x00000076                __do_clear_bss
 *(.init4)
 *(.init5)
 *(.init5)
 *(.init6)
 *(.init6)
 *(.init7)
 *(.init7)
 *(.init8)
 *(.init8)
 *(.init9)
 .init9         0x00000086        0x8 d:/imt_sdk_win_64/winavr/bin/../lib/gcc/avr/4.3.3/../../../../avr/lib/avr5/crtm32.o
 *(.init9)
 *(.text)
 .text          0x0000008e        0x4 d:/imt_sdk_win_64/winavr/bin/../lib/gcc/avr/4.3.3/../../../../avr/lib/avr5/crtm32.o
                0x0000008e                __vector_12
                0x0000008e                __bad_interrupt
                0x0000008e                __vector_6
                0x0000008e                __vector_13
                0x0000008e                __vector_17
                0x0000008e                __vector_19
                0x0000008e                __vector_7
                0x0000008e                __vector_5
                0x0000008e                __vector_4
                0x0000008e                __vector_9
                0x0000008e                __vector_15
                0x0000008e                __vector_8
                0x0000008e                __vector_14
                0x0000008e                __vector_18
                0x0000008e                __vector_20
 .text          0x00000092        0x0 ./MCAL/WDT/WDT_Program.o
 .text          0x00000092        0x0 ./MCAL/UART/UART_Cfg.o
 .text          0x00000092        0x0 ./MCAL/UART/UART_Program.o
 .text          0x00000092        0x0 ./MCAL/TWI/TWI_Program.o
 .text          0x00000092        0x0 ./MCAL/TWI/TWI_cfg.o
 .text          0x00000092        0x0 ./MCAL/TIMER1/TIMER1_Cfg.o
 .text          0x00000092        0x0 ./MCAL/TIMER1/TIMER1_Program.o
 .text          0x00000092        0x0 ./MCAL/TIMER0/TIMER0_Program.o
 .text          0x00000092        0x0 ./MCAL/TIMER0/TIMER0_cfg.o
 .text          0x00000092        0x0 ./MCAL/SPI/SPI_Cfg.o
 .text          0x00000092        0x0 ./MCAL/SPI/SPI_Program.o
 .text          0x00000092        0x0 ./MCAL/GIE/GIE_Program.o
 .text          0x00000092        0x0 ./MCAL/EXINT/EXIT_Program.o
 .text          0x00000092        0x0 ./MCAL/EXINT/EXIT_cfg.o
 .text          0x00000092        0x0 ./MCAL/DIO/DIO_cfg.o
 .text          0x00000092        0x0 ./MCAL/DIO/DIO_program.o
 .text          0x00000092        0x0 ./MCAL/ADC/ADC_Cfg.o
 .text          0x00000092        0x0 ./MCAL/ADC/ADC_Program.o
 .text          0x00000092        0x0 ./HAL/LED/LED_Cfg.o
 .text          0x00000092        0x0 ./HAL/LED/LED_Program.o
 .text          0x00000092        0x0 ./HAL/LCD/LCD_Program.o
 .text          0x00000092        0x0 ./HAL/KEYPAD/KEYPAD_Program.o
 .text          0x00000092        0x0 ./HAL/KEYPAD/KEYPAD_cfg.o
 .text          0x00000092        0x0 ./HAL/EEPROM/EEPROM_Program.o
 .text          0x00000092        0x0 ./HAL/DC_MOTOR/DC_MOTOR_Program.o
 .text          0x00000092        0x0 ./HAL/DC_MOTOR/DC_MOTOR_cfg.o
 .text          0x00000092        0x0 ./HAL/BTNS/BTN2/BTN2_Program.o
 .text          0x00000092        0x0 ./HAL/BTNS/BTN1/BTN1_Program.o
 .text          0x00000092        0x0 ./HAL/BTNS/BTN0/BTN0_Program.o
 .text          0x00000092        0x0 ./HAL/7_Ssegment/7Segment_Program.o
 .text          0x00000092        0x0 ./APP/main.o
 .text          0x00000092        0x0 d:/imt_sdk_win_64/winavr/bin/../lib/gcc/avr/4.3.3/avr5\libgcc.a(_mulsi3.o)
 .text          0x00000092        0x0 d:/imt_sdk_win_64/winavr/bin/../lib/gcc/avr/4.3.3/avr5\libgcc.a(_divmodhi4.o)
 .text          0x00000092        0x0 d:/imt_sdk_win_64/winavr/bin/../lib/gcc/avr/4.3.3/avr5\libgcc.a(_udivmodsi4.o)
 .text          0x00000092        0x0 d:/imt_sdk_win_64/winavr/bin/../lib/gcc/avr/4.3.3/avr5\libgcc.a(_divmodsi4.o)
 .text          0x00000092        0x0 d:/imt_sdk_win_64/winavr/bin/../lib/gcc/avr/4.3.3/avr5\libgcc.a(_exit.o)
 .text          0x00000092        0x0 d:/imt_sdk_win_64/winavr/bin/../lib/gcc/avr/4.3.3/avr5\libgcc.a(_copy_data.o)
 .text          0x00000092        0x0 d:/imt_sdk_win_64/winavr/bin/../lib/gcc/avr/4.3.3/avr5\libgcc.a(_clear_bss.o)
 .text          0x00000092       0x58 d:/imt_sdk_win_64/winavr/bin/../lib/gcc/avr/4.3.3/avr5\libgcc.a(_fixunssfsi.o)
                0x00000092                __fixunssfsi
 .text          0x000000ea      0x354 d:/imt_sdk_win_64/winavr/bin/../lib/gcc/avr/4.3.3/avr5\libgcc.a(_addsub_sf.o)
                0x00000382                __subsf3
                0x000003e4                __addsf3
 .text          0x0000043e      0x1f4 d:/imt_sdk_win_64/winavr/bin/../lib/gcc/avr/4.3.3/avr5\libgcc.a(_mul_sf.o)
                0x0000043e                __mulsf3
 .text          0x00000632      0x158 d:/imt_sdk_win_64/winavr/bin/../lib/gcc/avr/4.3.3/avr5\libgcc.a(_div_sf.o)
                0x00000632                __divsf3
 .text          0x0000078a       0x60 d:/imt_sdk_win_64/winavr/bin/../lib/gcc/avr/4.3.3/avr5\libgcc.a(_gt_sf.o)
                0x0000078a                __gtsf2
 .text          0x000007ea       0x60 d:/imt_sdk_win_64/winavr/bin/../lib/gcc/avr/4.3.3/avr5\libgcc.a(_ge_sf.o)
                0x000007ea                __gesf2
 .text          0x0000084a       0x60 d:/imt_sdk_win_64/winavr/bin/../lib/gcc/avr/4.3.3/avr5\libgcc.a(_lt_sf.o)
                0x0000084a                __ltsf2
 .text          0x000008aa       0xa8 d:/imt_sdk_win_64/winavr/bin/../lib/gcc/avr/4.3.3/avr5\libgcc.a(_sf_to_si.o)
                0x000008aa                __fixsfsi
 .text          0x00000952        0x0 d:/imt_sdk_win_64/winavr/bin/../lib/gcc/avr/4.3.3/avr5\libgcc.a(_thenan_sf.o)
 .text          0x00000952       0xf2 d:/imt_sdk_win_64/winavr/bin/../lib/gcc/avr/4.3.3/avr5\libgcc.a(_usi_to_sf.o)
                0x00000952                __floatunsisf
 .text          0x00000a44        0x0 d:/imt_sdk_win_64/winavr/bin/../lib/gcc/avr/4.3.3/avr5\libgcc.a(_udivmodhi4.o)
 .text          0x00000a44        0x0 d:/imt_sdk_win_64/winavr/bin/../lib/gcc/avr/4.3.3/avr5\libgcc.a(_prologue.o)
 .text          0x00000a44        0x0 d:/imt_sdk_win_64/winavr/bin/../lib/gcc/avr/4.3.3/avr5\libgcc.a(_epilogue.o)
 .text          0x00000a44       0x9e d:/imt_sdk_win_64/winavr/bin/../lib/gcc/avr/4.3.3/avr5\libgcc.a(_clzsi2.o)
                0x00000a44                __clzsi2
 .text          0x00000ae2      0x1aa d:/imt_sdk_win_64/winavr/bin/../lib/gcc/avr/4.3.3/avr5\libgcc.a(_pack_sf.o)
                0x00000ae2                __pack_f
 .text          0x00000c8c       0xf0 d:/imt_sdk_win_64/winavr/bin/../lib/gcc/avr/4.3.3/avr5\libgcc.a(_unpack_sf.o)
                0x00000c8c                __unpack_f
 .text          0x00000d7c       0xb2 d:/imt_sdk_win_64/winavr/bin/../lib/gcc/avr/4.3.3/avr5\libgcc.a(_fpcmp_parts_sf.o)
                0x00000d7c                __fpcmp_parts_f
 .text          0x00000e2e        0x0 d:/imt_sdk_win_64/winavr/bin/../lib/gcc/avr/4.3.3/avr5\libgcc.a(_clz.o)
 .text          0x00000e2e        0x0 d:/imt_sdk_win_64/winavr/bin/../lib/gcc/avr/4.3.3/../../../../avr/lib/avr5\libc.a(strcmp.o)
                0x00000e2e                . = ALIGN (0x2)
 *(.text.*)
 .text.WDT_Enable
                0x00000e2e       0x1e ./MCAL/WDT/WDT_Program.o
                0x00000e2e                WDT_Enable
 .text.WDT_Disable
                0x00000e4c       0x1c ./MCAL/WDT/WDT_Program.o
                0x00000e4c                WDT_Disable
 .text.UART_Voidinit
                0x00000e68      0x1f4 ./MCAL/UART/UART_Program.o
                0x00000e68                UART_Voidinit
 .text.UART_VoidTransmitMessagesynchronous
                0x0000105c       0x34 ./MCAL/UART/UART_Program.o
                0x0000105c                UART_VoidTransmitMessagesynchronous
 .text.UART_voidTransmitSting
                0x00001090       0x52 ./MCAL/UART/UART_Program.o
                0x00001090                UART_voidTransmitSting
 .text.UART_VoidReceiveMessagesynchronous
                0x000010e2       0x1e ./MCAL/UART/UART_Program.o
                0x000010e2                UART_VoidReceiveMessagesynchronous
 .text.UART_voidReceiveString
                0x00001100       0x74 ./MCAL/UART/UART_Program.o
                0x00001100                UART_voidReceiveString
 .text.resetString
                0x00001174       0x44 ./MCAL/UART/UART_Program.o
                0x00001174                resetString
 .text.MASTER_SEND_ADDRESS_WRITE
                0x000011b8       0x58 ./MCAL/TWI/TWI_Program.o
                0x000011b8                MASTER_SEND_ADDRESS_WRITE
 .text.MASTER_SEND_DATA
                0x00001210       0x34 ./MCAL/TWI/TWI_Program.o
                0x00001210                MASTER_SEND_DATA
 .text.vMASTER_REP_START_condition
                0x00001244       0x34 ./MCAL/TWI/TWI_Program.o
                0x00001244                vMASTER_REP_START_condition
 .text.MASTER_SEND_ADDRESS_READ
                0x00001278       0x58 ./MCAL/TWI/TWI_Program.o
                0x00001278                MASTER_SEND_ADDRESS_READ
 .text.MASTER_RECIVE_DATA
                0x000012d0       0x3a ./MCAL/TWI/TWI_Program.o
                0x000012d0                MASTER_RECIVE_DATA
 .text.vMASTER_init
                0x0000130a       0x4e ./MCAL/TWI/TWI_Program.o
                0x0000130a                vMASTER_init
 .text.vMASTER_START_condition
                0x00001358       0x34 ./MCAL/TWI/TWI_Program.o
                0x00001358                vMASTER_START_condition
 .text.M_I2C_RecieveByte_ACK
                0x0000138c       0x26 ./MCAL/TWI/TWI_Program.o
                0x0000138c                M_I2C_RecieveByte_ACK
 .text.M_TWI_Stop
                0x000013b2       0x16 ./MCAL/TWI/TWI_Program.o
                0x000013b2                M_TWI_Stop
 .text.Init_S_TWI
                0x000013c8       0x40 ./MCAL/TWI/TWI_Program.o
                0x000013c8                Init_S_TWI
 .text.Slave_TWI_Receive
                0x00001408       0x40 ./MCAL/TWI/TWI_Program.o
                0x00001408                Slave_TWI_Receive
 .text.TIMER1_VoidInit
                0x00001448      0x11a ./MCAL/TIMER1/TIMER1_Program.o
                0x00001448                TIMER1_VoidInit
 .text.TIMER1_Voidstart
                0x00001562       0x2e ./MCAL/TIMER1/TIMER1_Program.o
                0x00001562                TIMER1_Voidstart
 .text.TIMER1_VoidStop
                0x00001590       0x1c ./MCAL/TIMER1/TIMER1_Program.o
                0x00001590                TIMER1_VoidStop
 .text.TIMER1_VoidPwmDuty
                0x000015ac      0x112 ./MCAL/TIMER1/TIMER1_Program.o
                0x000015ac                TIMER1_VoidPwmDuty
 .text.TIMER0_VoidInit
                0x000016be       0xb6 ./MCAL/TIMER0/TIMER0_Program.o
                0x000016be                TIMER0_VoidInit
 .text.TIMER0_Voidstart
                0x00001774       0x2e ./MCAL/TIMER0/TIMER0_Program.o
                0x00001774                TIMER0_Voidstart
 .text.TIMER0_VoidStop
                0x000017a2       0x1c ./MCAL/TIMER0/TIMER0_Program.o
                0x000017a2                TIMER0_VoidStop
 .text.TIMER0_VoidDelayTimeMillisec
                0x000017be      0x19a ./MCAL/TIMER0/TIMER0_Program.o
                0x000017be                TIMER0_VoidDelayTimeMillisec
 .text.TIMER0_VoidAsynchronous
                0x00001958       0x7a ./MCAL/TIMER0/TIMER0_Program.o
                0x00001958                TIMER0_VoidAsynchronous
 .text.TIMER_VoidPwmDuty
                0x000019d2       0x42 ./MCAL/TIMER0/TIMER0_Program.o
                0x000019d2                TIMER_VoidPwmDuty
 .text.__vector_11
                0x00001a14       0xd2 ./MCAL/TIMER0/TIMER0_Program.o
                0x00001a14                __vector_11
 .text.__vector_10
                0x00001ae6       0xc6 ./MCAL/TIMER0/TIMER0_Program.o
                0x00001ae6                __vector_10
 .text.SPI_MasterInit
                0x00001bac       0x26 ./MCAL/SPI/SPI_Program.o
                0x00001bac                SPI_MasterInit
 .text.SPI_U8SendReceiveSynchronous
                0x00001bd2       0x2c ./MCAL/SPI/SPI_Program.o
                0x00001bd2                SPI_U8SendReceiveSynchronous
 .text.SPI_voidTransmitSting
                0x00001bfe       0x52 ./MCAL/SPI/SPI_Program.o
                0x00001bfe                SPI_voidTransmitSting
 .text.SPI_voidReceiveString
                0x00001c50       0x76 ./MCAL/SPI/SPI_Program.o
                0x00001c50                SPI_voidReceiveString
 .text.M_GIE_VoidEnable
                0x00001cc6       0x1c ./MCAL/GIE/GIE_Program.o
                0x00001cc6                M_GIE_VoidEnable
 .text.M_GIE_VoidDisable
                0x00001ce2       0x1c ./MCAL/GIE/GIE_Program.o
                0x00001ce2                M_GIE_VoidDisable
 .text.EXIT_VoidEnableInt
                0x00001cfe       0xf4 ./MCAL/EXINT/EXIT_Program.o
                0x00001cfe                EXIT_VoidEnableInt
 .text.EXIT_VoidDisableInt
                0x00001df2       0x6e ./MCAL/EXINT/EXIT_Program.o
                0x00001df2                EXIT_VoidDisableInt
 .text.EXIT_VoidCallBack
                0x00001e60       0x72 ./MCAL/EXINT/EXIT_Program.o
                0x00001e60                EXIT_VoidCallBack
 .text.__vector_1
                0x00001ed2       0x66 ./MCAL/EXINT/EXIT_Program.o
                0x00001ed2                __vector_1
 .text.__vector_2
                0x00001f38       0x66 ./MCAL/EXINT/EXIT_Program.o
                0x00001f38                __vector_2
 .text.__vector_3
                0x00001f9e       0x66 ./MCAL/EXINT/EXIT_Program.o
                0x00001f9e                __vector_3
 .text.DIO_VoidSetPinDirection
                0x00002004      0x236 ./MCAL/DIO/DIO_program.o
                0x00002004                DIO_VoidSetPinDirection
 .text.DIO_VoidSetPinValue
                0x0000223a      0x236 ./MCAL/DIO/DIO_program.o
                0x0000223a                DIO_VoidSetPinValue
 .text.DIO_VoidSetPortValue
                0x00002470       0x82 ./MCAL/DIO/DIO_program.o
                0x00002470                DIO_VoidSetPortValue
 .text.DIO_VoidSetPortDirection
                0x000024f2       0x82 ./MCAL/DIO/DIO_program.o
                0x000024f2                DIO_VoidSetPortDirection
 .text.DIO_U8GetPinValue
                0x00002574      0x106 ./MCAL/DIO/DIO_program.o
                0x00002574                DIO_U8GetPinValue
 .text.DIO_SetPin_PULLUP
                0x0000267a      0x116 ./MCAL/DIO/DIO_program.o
                0x0000267a                DIO_SetPin_PULLUP
 .text.ADC_INIT
                0x00002790      0x130 ./MCAL/ADC/ADC_Program.o
                0x00002790                ADC_INIT
 .text.ADC_READ
                0x000028c0      0x21e ./MCAL/ADC/ADC_Program.o
                0x000028c0                ADC_READ
 .text.start_ADC_conversion
                0x00002ade       0x36 ./MCAL/ADC/ADC_Program.o
                0x00002ade                start_ADC_conversion
 .text.__vector_16
                0x00002b14       0x74 ./MCAL/ADC/ADC_Program.o
                0x00002b14                __vector_16
 .text.ADC_VoidCallBack
                0x00002b88       0x24 ./MCAL/ADC/ADC_Program.o
                0x00002b88                ADC_VoidCallBack
 .text.LED_ON   0x00002bac       0x58 ./HAL/LED/LED_Program.o
                0x00002bac                LED_ON
 .text.LED_OFF  0x00002c04       0x58 ./HAL/LED/LED_Program.o
                0x00002c04                LED_OFF
 .text.LED_TOGGLE
                0x00002c5c       0x64 ./HAL/LED/LED_Program.o
                0x00002c5c                LED_TOGGLE
 .text.LCD_VoidLatch
                0x00002cc0      0x24a ./HAL/LCD/LCD_Program.o
 .text.LCD_VoidWriteInst
                0x00002f0a       0x2a ./HAL/LCD/LCD_Program.o
 .text.LCD_VoidInit
                0x00002f34      0x412 ./HAL/LCD/LCD_Program.o
                0x00002f34                LCD_VoidInit
 .text.LCD_VoidWriteData
                0x00003346       0x2a ./HAL/LCD/LCD_Program.o
                0x00003346                LCD_VoidWriteData
 .text.LCD_VoidWriteString
                0x00003370      0x146 ./HAL/LCD/LCD_Program.o
                0x00003370                LCD_VoidWriteString
 .text.LCD_VoidWriteNumber
                0x000034b6      0x164 ./HAL/LCD/LCD_Program.o
                0x000034b6                LCD_VoidWriteNumber
 .text.LCD_VoidClearScreen
                0x0000361a       0x14 ./HAL/LCD/LCD_Program.o
                0x0000361a                LCD_VoidClearScreen
 .text.LCD_VoidSetCursor
                0x0000362e       0x36 ./HAL/LCD/LCD_Program.o
                0x0000362e                LCD_VoidSetCursor
 .text.LCD_VoidDisplayHeart
                0x00003664       0x42 ./HAL/LCD/LCD_Program.o
                0x00003664                LCD_VoidDisplayHeart
 .text.KEYPAD_VoidInit
                0x000036a6       0x5e ./HAL/KEYPAD/KEYPAD_Program.o
                0x000036a6                KEYPAD_VoidInit
 .text.KEYPAD_U8GetPressedKey
                0x00003704      0x186 ./HAL/KEYPAD/KEYPAD_Program.o
                0x00003704                KEYPAD_U8GetPressedKey
 .text.EEPROM_WRITE
                0x0000388a      0x146 ./HAL/EEPROM/EEPROM_Program.o
                0x0000388a                EEPROM_WRITE
 .text.EEPROM_WRITE_String
                0x000039d0      0x25c ./HAL/EEPROM/EEPROM_Program.o
                0x000039d0                EEPROM_WRITE_String
 .text.EEPROM_READ
                0x00003c2c       0x60 ./HAL/EEPROM/EEPROM_Program.o
                0x00003c2c                EEPROM_READ
 .text.DC_VoidDCMOTORInit
                0x00003c8c       0x54 ./HAL/DC_MOTOR/DC_MOTOR_Program.o
                0x00003c8c                DC_VoidDCMOTORInit
 .text.DC_VoidMOTORON
                0x00003ce0       0x56 ./HAL/DC_MOTOR/DC_MOTOR_Program.o
                0x00003ce0                DC_VoidMOTORON
 .text.DC_VoidDCMOTORStop
                0x00003d36       0x14 ./HAL/DC_MOTOR/DC_MOTOR_Program.o
                0x00003d36                DC_VoidDCMOTORStop
 .text.BTN2_Initialize
                0x00003d4a       0x1a ./HAL/BTNS/BTN2/BTN2_Program.o
                0x00003d4a                BTN2_Initialize
 .text.BTN2_Read
                0x00003d64       0x28 ./HAL/BTNS/BTN2/BTN2_Program.o
                0x00003d64                BTN2_Read
 .text.BTN1_Initialize
                0x00003d8c       0x1a ./HAL/BTNS/BTN1/BTN1_Program.o
                0x00003d8c                BTN1_Initialize
 .text.BTN1_Read
                0x00003da6       0x2c ./HAL/BTNS/BTN1/BTN1_Program.o
                0x00003da6                BTN1_Read
 .text.BTN0_Initialize
                0x00003dd2       0x1a ./HAL/BTNS/BTN0/BTN0_Program.o
                0x00003dd2                BTN0_Initialize
 .text.BTN0_Read
                0x00003dec       0x2c ./HAL/BTNS/BTN0/BTN0_Program.o
                0x00003dec                BTN0_Read
 .text.Segment_Display
                0x00003e18       0x88 ./HAL/7_Ssegment/7Segment_Program.o
                0x00003e18                Segment_Display
 .text.SEVSEG_Display
                0x00003ea0      0x276 ./HAL/7_Ssegment/7Segment_Program.o
                0x00003ea0                SEVSEG_Display
 .text.ADC_Complete_Callback
                0x00004116       0x8a ./APP/main.o
                0x00004116                ADC_Complete_Callback
 .text.displayMessage
                0x000041a0       0x24 ./APP/main.o
                0x000041a0                displayMessage
 .text.main     0x000041c4      0x2d8 ./APP/main.o
                0x000041c4                main
 .text.libgcc   0x0000449c       0x3e d:/imt_sdk_win_64/winavr/bin/../lib/gcc/avr/4.3.3/avr5\libgcc.a(_mulsi3.o)
                0x0000449c                __mulsi3
 .text.libgcc   0x000044da       0x26 d:/imt_sdk_win_64/winavr/bin/../lib/gcc/avr/4.3.3/avr5\libgcc.a(_divmodhi4.o)
                0x000044da                __divmodhi4
                0x000044da                _div
 .text.libgcc   0x00004500       0x44 d:/imt_sdk_win_64/winavr/bin/../lib/gcc/avr/4.3.3/avr5\libgcc.a(_udivmodsi4.o)
                0x00004500                __udivmodsi4
 .text.libgcc   0x00004544       0x36 d:/imt_sdk_win_64/winavr/bin/../lib/gcc/avr/4.3.3/avr5\libgcc.a(_divmodsi4.o)
                0x00004544                __divmodsi4
 .text.libgcc   0x0000457a        0x0 d:/imt_sdk_win_64/winavr/bin/../lib/gcc/avr/4.3.3/avr5\libgcc.a(_exit.o)
 .text.libgcc   0x0000457a        0x0 d:/imt_sdk_win_64/winavr/bin/../lib/gcc/avr/4.3.3/avr5\libgcc.a(_copy_data.o)
 .text.libgcc   0x0000457a        0x0 d:/imt_sdk_win_64/winavr/bin/../lib/gcc/avr/4.3.3/avr5\libgcc.a(_clear_bss.o)
 .text.libgcc   0x0000457a       0x28 d:/imt_sdk_win_64/winavr/bin/../lib/gcc/avr/4.3.3/avr5\libgcc.a(_udivmodhi4.o)
                0x0000457a                __udivmodhi4
 .text.libgcc   0x000045a2       0x38 d:/imt_sdk_win_64/winavr/bin/../lib/gcc/avr/4.3.3/avr5\libgcc.a(_prologue.o)
                0x000045a2                __prologue_saves__
 .text.libgcc   0x000045da       0x36 d:/imt_sdk_win_64/winavr/bin/../lib/gcc/avr/4.3.3/avr5\libgcc.a(_epilogue.o)
                0x000045da                __epilogue_restores__
 .text.avr-libc
                0x00004610       0x12 d:/imt_sdk_win_64/winavr/bin/../lib/gcc/avr/4.3.3/../../../../avr/lib/avr5\libc.a(strcmp.o)
                0x00004610                strcmp
                0x00004622                . = ALIGN (0x2)
 *(.fini9)
 .fini9         0x00004622        0x0 d:/imt_sdk_win_64/winavr/bin/../lib/gcc/avr/4.3.3/avr5\libgcc.a(_exit.o)
                0x00004622                exit
                0x00004622                _exit
 *(.fini9)
 *(.fini8)
 *(.fini8)
 *(.fini7)
 *(.fini7)
 *(.fini6)
 *(.fini6)
 *(.fini5)
 *(.fini5)
 *(.fini4)
 *(.fini4)
 *(.fini3)
 *(.fini3)
 *(.fini2)
 *(.fini2)
 *(.fini1)
 *(.fini1)
 *(.fini0)
 .fini0         0x00004622        0x4 d:/imt_sdk_win_64/winavr/bin/../lib/gcc/avr/4.3.3/avr5\libgcc.a(_exit.o)
 *(.fini0)
                0x00004626                _etext = .

.data           0x00800060      0x18a load address 0x00004626
                0x00800060                PROVIDE (__data_start, .)
 *(.data)
 .data          0x00800060        0x0 d:/imt_sdk_win_64/winavr/bin/../lib/gcc/avr/4.3.3/../../../../avr/lib/avr5/crtm32.o
 .data          0x00800060        0x0 ./MCAL/WDT/WDT_Program.o
 .data          0x00800060        0x0 ./MCAL/UART/UART_Cfg.o
 .data          0x00800060        0x0 ./MCAL/UART/UART_Program.o
 .data          0x00800060        0x0 ./MCAL/TWI/TWI_Program.o
 .data          0x00800060        0x0 ./MCAL/TWI/TWI_cfg.o
 .data          0x00800060        0x0 ./MCAL/TIMER1/TIMER1_Cfg.o
 .data          0x00800060        0x0 ./MCAL/TIMER1/TIMER1_Program.o
 .data          0x00800060        0x0 ./MCAL/TIMER0/TIMER0_Program.o
 .data          0x00800060        0x0 ./MCAL/TIMER0/TIMER0_cfg.o
 .data          0x00800060        0x0 ./MCAL/SPI/SPI_Cfg.o
 .data          0x00800060        0x0 ./MCAL/SPI/SPI_Program.o
 .data          0x00800060        0x0 ./MCAL/GIE/GIE_Program.o
 .data          0x00800060        0x0 ./MCAL/EXINT/EXIT_Program.o
 .data          0x00800060        0x0 ./MCAL/EXINT/EXIT_cfg.o
 .data          0x00800060        0x0 ./MCAL/DIO/DIO_cfg.o
 .data          0x00800060        0x0 ./MCAL/DIO/DIO_program.o
 .data          0x00800060        0x0 ./MCAL/ADC/ADC_Cfg.o
 .data          0x00800060        0x0 ./MCAL/ADC/ADC_Program.o
 .data          0x00800060        0x0 ./HAL/LED/LED_Cfg.o
 .data          0x00800060        0x0 ./HAL/LED/LED_Program.o
 .data          0x00800060        0x0 ./HAL/LCD/LCD_Program.o
 .data          0x00800060        0x0 ./HAL/KEYPAD/KEYPAD_Program.o
 .data          0x00800060        0x0 ./HAL/KEYPAD/KEYPAD_cfg.o
 .data          0x00800060        0x0 ./HAL/EEPROM/EEPROM_Program.o
 .data          0x00800060        0x0 ./HAL/DC_MOTOR/DC_MOTOR_Program.o
 .data          0x00800060        0x0 ./HAL/DC_MOTOR/DC_MOTOR_cfg.o
 .data          0x00800060        0x0 ./HAL/BTNS/BTN2/BTN2_Program.o
 .data          0x00800060        0x0 ./HAL/BTNS/BTN1/BTN1_Program.o
 .data          0x00800060        0x0 ./HAL/BTNS/BTN0/BTN0_Program.o
 .data          0x00800060        0x0 ./HAL/7_Ssegment/7Segment_Program.o
 .data          0x00800060       0x4d ./APP/main.o
 .data          0x008000ad        0x0 d:/imt_sdk_win_64/winavr/bin/../lib/gcc/avr/4.3.3/avr5\libgcc.a(_mulsi3.o)
 .data          0x008000ad        0x0 d:/imt_sdk_win_64/winavr/bin/../lib/gcc/avr/4.3.3/avr5\libgcc.a(_divmodhi4.o)
 .data          0x008000ad        0x0 d:/imt_sdk_win_64/winavr/bin/../lib/gcc/avr/4.3.3/avr5\libgcc.a(_udivmodsi4.o)
 .data          0x008000ad        0x0 d:/imt_sdk_win_64/winavr/bin/../lib/gcc/avr/4.3.3/avr5\libgcc.a(_divmodsi4.o)
 .data          0x008000ad        0x0 d:/imt_sdk_win_64/winavr/bin/../lib/gcc/avr/4.3.3/avr5\libgcc.a(_exit.o)
 .data          0x008000ad        0x0 d:/imt_sdk_win_64/winavr/bin/../lib/gcc/avr/4.3.3/avr5\libgcc.a(_copy_data.o)
 .data          0x008000ad        0x0 d:/imt_sdk_win_64/winavr/bin/../lib/gcc/avr/4.3.3/avr5\libgcc.a(_clear_bss.o)
 .data          0x008000ad        0x0 d:/imt_sdk_win_64/winavr/bin/../lib/gcc/avr/4.3.3/avr5\libgcc.a(_fixunssfsi.o)
 .data          0x008000ad        0x0 d:/imt_sdk_win_64/winavr/bin/../lib/gcc/avr/4.3.3/avr5\libgcc.a(_addsub_sf.o)
 .data          0x008000ad        0x0 d:/imt_sdk_win_64/winavr/bin/../lib/gcc/avr/4.3.3/avr5\libgcc.a(_mul_sf.o)
 .data          0x008000ad        0x0 d:/imt_sdk_win_64/winavr/bin/../lib/gcc/avr/4.3.3/avr5\libgcc.a(_div_sf.o)
 .data          0x008000ad        0x0 d:/imt_sdk_win_64/winavr/bin/../lib/gcc/avr/4.3.3/avr5\libgcc.a(_gt_sf.o)
 .data          0x008000ad        0x0 d:/imt_sdk_win_64/winavr/bin/../lib/gcc/avr/4.3.3/avr5\libgcc.a(_ge_sf.o)
 .data          0x008000ad        0x0 d:/imt_sdk_win_64/winavr/bin/../lib/gcc/avr/4.3.3/avr5\libgcc.a(_lt_sf.o)
 .data          0x008000ad        0x0 d:/imt_sdk_win_64/winavr/bin/../lib/gcc/avr/4.3.3/avr5\libgcc.a(_sf_to_si.o)
 .data          0x008000ad        0x8 d:/imt_sdk_win_64/winavr/bin/../lib/gcc/avr/4.3.3/avr5\libgcc.a(_thenan_sf.o)
                0x008000ad                __thenan_sf
 .data          0x008000b5        0x0 d:/imt_sdk_win_64/winavr/bin/../lib/gcc/avr/4.3.3/avr5\libgcc.a(_usi_to_sf.o)
 .data          0x008000b5        0x0 d:/imt_sdk_win_64/winavr/bin/../lib/gcc/avr/4.3.3/avr5\libgcc.a(_udivmodhi4.o)
 .data          0x008000b5        0x0 d:/imt_sdk_win_64/winavr/bin/../lib/gcc/avr/4.3.3/avr5\libgcc.a(_prologue.o)
 .data          0x008000b5        0x0 d:/imt_sdk_win_64/winavr/bin/../lib/gcc/avr/4.3.3/avr5\libgcc.a(_epilogue.o)
 .data          0x008000b5        0x0 d:/imt_sdk_win_64/winavr/bin/../lib/gcc/avr/4.3.3/avr5\libgcc.a(_clzsi2.o)
 .data          0x008000b5        0x0 d:/imt_sdk_win_64/winavr/bin/../lib/gcc/avr/4.3.3/avr5\libgcc.a(_pack_sf.o)
 .data          0x008000b5        0x0 d:/imt_sdk_win_64/winavr/bin/../lib/gcc/avr/4.3.3/avr5\libgcc.a(_unpack_sf.o)
 .data          0x008000b5        0x0 d:/imt_sdk_win_64/winavr/bin/../lib/gcc/avr/4.3.3/avr5\libgcc.a(_fpcmp_parts_sf.o)
 .data          0x008000b5      0x100 d:/imt_sdk_win_64/winavr/bin/../lib/gcc/avr/4.3.3/avr5\libgcc.a(_clz.o)
                0x008000b5                __clz_tab
 .data          0x008001b5        0x0 d:/imt_sdk_win_64/winavr/bin/../lib/gcc/avr/4.3.3/../../../../avr/lib/avr5\libc.a(strcmp.o)
 *(.data*)
 .data.Timer1_InitValues
                0x008001b5        0x4 ./MCAL/TIMER1/TIMER1_Cfg.o
                0x008001b5                Timer1_InitValues
 .data.Prescaler_Arr
                0x008001b9        0xa ./MCAL/TIMER0/TIMER0_cfg.o
                0x008001b9                Prescaler_Arr
 .data.KEYARR   0x008001c3       0x10 ./HAL/KEYPAD/KEYPAD_cfg.o
                0x008001c3                KEYARR
 .data.channels
                0x008001d3        0x5 ./APP/main.o
                0x008001d3                channels
 *(.rodata)
 *(.rodata*)
 .rodata.heartSymbol
                0x008001d8        0x8 ./HAL/LCD/LCD_Program.o
                0x008001d8                heartSymbol
 .rodata.C.0.1313
                0x008001e0        0xa ./HAL/7_Ssegment/7Segment_Program.o
 *(.gnu.linkonce.d*)
                0x008001ea                . = ALIGN (0x2)
                0x008001ea                _edata = .
                0x008001ea                PROVIDE (__data_end, .)

.bss            0x008001ea       0xaf
                0x008001ea                PROVIDE (__bss_start, .)
 *(.bss)
 .bss           0x008001ea        0x0 d:/imt_sdk_win_64/winavr/bin/../lib/gcc/avr/4.3.3/../../../../avr/lib/avr5/crtm32.o
 .bss           0x008001ea        0x0 ./MCAL/WDT/WDT_Program.o
 .bss           0x008001ea        0x0 ./MCAL/UART/UART_Cfg.o
 .bss           0x008001ea        0x0 ./MCAL/UART/UART_Program.o
 .bss           0x008001ea        0x0 ./MCAL/TWI/TWI_Program.o
 .bss           0x008001ea        0x0 ./MCAL/TWI/TWI_cfg.o
 .bss           0x008001ea        0x0 ./MCAL/TIMER1/TIMER1_Cfg.o
 .bss           0x008001ea        0x0 ./MCAL/TIMER1/TIMER1_Program.o
 .bss           0x008001ea        0x0 ./MCAL/TIMER0/TIMER0_Program.o
 .bss           0x008001ea        0x0 ./MCAL/TIMER0/TIMER0_cfg.o
 .bss           0x008001ea        0x0 ./MCAL/SPI/SPI_Cfg.o
 .bss           0x008001ea        0x0 ./MCAL/SPI/SPI_Program.o
 .bss           0x008001ea        0x0 ./MCAL/GIE/GIE_Program.o
 .bss           0x008001ea        0x0 ./MCAL/EXINT/EXIT_Program.o
 .bss           0x008001ea        0x0 ./MCAL/EXINT/EXIT_cfg.o
 .bss           0x008001ea        0x0 ./MCAL/DIO/DIO_cfg.o
 .bss           0x008001ea        0x0 ./MCAL/DIO/DIO_program.o
 .bss           0x008001ea        0x0 ./MCAL/ADC/ADC_Cfg.o
 .bss           0x008001ea        0x0 ./MCAL/ADC/ADC_Program.o
 .bss           0x008001ea        0x0 ./HAL/LED/LED_Cfg.o
 .bss           0x008001ea        0x0 ./HAL/LED/LED_Program.o
 .bss           0x008001ea        0x0 ./HAL/LCD/LCD_Program.o
 .bss           0x008001ea        0x0 ./HAL/KEYPAD/KEYPAD_Program.o
 .bss           0x008001ea        0x0 ./HAL/KEYPAD/KEYPAD_cfg.o
 .bss           0x008001ea        0x0 ./HAL/EEPROM/EEPROM_Program.o
 .bss           0x008001ea        0x0 ./HAL/DC_MOTOR/DC_MOTOR_Program.o
 .bss           0x008001ea        0x0 ./HAL/DC_MOTOR/DC_MOTOR_cfg.o
 .bss           0x008001ea        0x0 ./HAL/BTNS/BTN2/BTN2_Program.o
 .bss           0x008001ea        0x0 ./HAL/BTNS/BTN1/BTN1_Program.o
 .bss           0x008001ea        0x0 ./HAL/BTNS/BTN0/BTN0_Program.o
 .bss           0x008001ea        0x0 ./HAL/7_Ssegment/7Segment_Program.o
 .bss           0x008001ea        0x0 ./APP/main.o
 .bss           0x008001ea        0x0 d:/imt_sdk_win_64/winavr/bin/../lib/gcc/avr/4.3.3/avr5\libgcc.a(_mulsi3.o)
 .bss           0x008001ea        0x0 d:/imt_sdk_win_64/winavr/bin/../lib/gcc/avr/4.3.3/avr5\libgcc.a(_divmodhi4.o)
 .bss           0x008001ea        0x0 d:/imt_sdk_win_64/winavr/bin/../lib/gcc/avr/4.3.3/avr5\libgcc.a(_udivmodsi4.o)
 .bss           0x008001ea        0x0 d:/imt_sdk_win_64/winavr/bin/../lib/gcc/avr/4.3.3/avr5\libgcc.a(_divmodsi4.o)
 .bss           0x008001ea        0x0 d:/imt_sdk_win_64/winavr/bin/../lib/gcc/avr/4.3.3/avr5\libgcc.a(_exit.o)
 .bss           0x008001ea        0x0 d:/imt_sdk_win_64/winavr/bin/../lib/gcc/avr/4.3.3/avr5\libgcc.a(_copy_data.o)
 .bss           0x008001ea        0x0 d:/imt_sdk_win_64/winavr/bin/../lib/gcc/avr/4.3.3/avr5\libgcc.a(_clear_bss.o)
 .bss           0x008001ea        0x0 d:/imt_sdk_win_64/winavr/bin/../lib/gcc/avr/4.3.3/avr5\libgcc.a(_fixunssfsi.o)
 .bss           0x008001ea        0x0 d:/imt_sdk_win_64/winavr/bin/../lib/gcc/avr/4.3.3/avr5\libgcc.a(_addsub_sf.o)
 .bss           0x008001ea        0x0 d:/imt_sdk_win_64/winavr/bin/../lib/gcc/avr/4.3.3/avr5\libgcc.a(_mul_sf.o)
 .bss           0x008001ea        0x0 d:/imt_sdk_win_64/winavr/bin/../lib/gcc/avr/4.3.3/avr5\libgcc.a(_div_sf.o)
 .bss           0x008001ea        0x0 d:/imt_sdk_win_64/winavr/bin/../lib/gcc/avr/4.3.3/avr5\libgcc.a(_gt_sf.o)
 .bss           0x008001ea        0x0 d:/imt_sdk_win_64/winavr/bin/../lib/gcc/avr/4.3.3/avr5\libgcc.a(_ge_sf.o)
 .bss           0x008001ea        0x0 d:/imt_sdk_win_64/winavr/bin/../lib/gcc/avr/4.3.3/avr5\libgcc.a(_lt_sf.o)
 .bss           0x008001ea        0x0 d:/imt_sdk_win_64/winavr/bin/../lib/gcc/avr/4.3.3/avr5\libgcc.a(_sf_to_si.o)
 .bss           0x008001ea        0x0 d:/imt_sdk_win_64/winavr/bin/../lib/gcc/avr/4.3.3/avr5\libgcc.a(_thenan_sf.o)
 .bss           0x008001ea        0x0 d:/imt_sdk_win_64/winavr/bin/../lib/gcc/avr/4.3.3/avr5\libgcc.a(_usi_to_sf.o)
 .bss           0x008001ea        0x0 d:/imt_sdk_win_64/winavr/bin/../lib/gcc/avr/4.3.3/avr5\libgcc.a(_udivmodhi4.o)
 .bss           0x008001ea        0x0 d:/imt_sdk_win_64/winavr/bin/../lib/gcc/avr/4.3.3/avr5\libgcc.a(_prologue.o)
 .bss           0x008001ea        0x0 d:/imt_sdk_win_64/winavr/bin/../lib/gcc/avr/4.3.3/avr5\libgcc.a(_epilogue.o)
 .bss           0x008001ea        0x0 d:/imt_sdk_win_64/winavr/bin/../lib/gcc/avr/4.3.3/avr5\libgcc.a(_clzsi2.o)
 .bss           0x008001ea        0x0 d:/imt_sdk_win_64/winavr/bin/../lib/gcc/avr/4.3.3/avr5\libgcc.a(_pack_sf.o)
 .bss           0x008001ea        0x0 d:/imt_sdk_win_64/winavr/bin/../lib/gcc/avr/4.3.3/avr5\libgcc.a(_unpack_sf.o)
 .bss           0x008001ea        0x0 d:/imt_sdk_win_64/winavr/bin/../lib/gcc/avr/4.3.3/avr5\libgcc.a(_fpcmp_parts_sf.o)
 .bss           0x008001ea        0x0 d:/imt_sdk_win_64/winavr/bin/../lib/gcc/avr/4.3.3/avr5\libgcc.a(_clz.o)
 .bss           0x008001ea        0x0 d:/imt_sdk_win_64/winavr/bin/../lib/gcc/avr/4.3.3/../../../../avr/lib/avr5\libc.a(strcmp.o)
 *(.bss*)
 .bss.uart_rx_buffer_index
                0x008001ea        0x4 ./MCAL/UART/UART_Program.o
                0x008001ea                uart_rx_buffer_index
 .bss.uart_rx_buffer_full
                0x008001ee        0x4 ./MCAL/UART/UART_Program.o
                0x008001ee                uart_rx_buffer_full
 .bss.NumberOfOverFlows
                0x008001f2        0x4 ./MCAL/TIMER0/TIMER0_Program.o
                0x008001f2                NumberOfOverFlows
 .bss.RemainingCounts
                0x008001f6        0x1 ./MCAL/TIMER0/TIMER0_Program.o
                0x008001f6                RemainingCounts
 .bss.Ptr_OverFlowInterrupt
                0x008001f7        0x2 ./MCAL/TIMER0/TIMER0_Program.o
                0x008001f7                Ptr_OverFlowInterrupt
 .bss.Ptr_CTCInterrupt
                0x008001f9        0x2 ./MCAL/TIMER0/TIMER0_Program.o
                0x008001f9                Ptr_CTCInterrupt
 .bss.count.1367
                0x008001fb        0x4 ./MCAL/TIMER0/TIMER0_Program.o
 .bss.count.1384
                0x008001ff        0x4 ./MCAL/TIMER0/TIMER0_Program.o
 .bss.Ptr_func  0x00800203        0x2 ./MCAL/EXINT/EXIT_Program.o
                0x00800203                Ptr_func
 .bss.Ptr_func1
                0x00800205        0x2 ./MCAL/EXINT/EXIT_Program.o
                0x00800205                Ptr_func1
 .bss.Ptr_func2
                0x00800207        0x2 ./MCAL/EXINT/EXIT_Program.o
                0x00800207                Ptr_func2
 .bss.ADC_f     0x00800209        0x2 ./MCAL/ADC/ADC_Program.o
                0x00800209                ADC_f
 .bss.Digital_Values
                0x0080020b        0xa ./APP/main.o
                0x0080020b                Digital_Values
 .bss.current_channel
                0x00800215        0x1 ./APP/main.o
                0x00800215                current_channel
 *(COMMON)
 COMMON         0x00800216       0x80 ./MCAL/UART/UART_Program.o
                0x00800216                uart_rx_buffer
 COMMON         0x00800296        0x2 ./MCAL/TIMER1/TIMER1_Program.o
                0x00800296                OC1_GlobalValue
                0x00800297                Global_prescaler
 COMMON         0x00800298        0x1 ./MCAL/TIMER0/TIMER0_Program.o
                0x00800298                GLobal_Timer_mode
                0x00800299                PROVIDE (__bss_end, .)
                0x00004626                __data_load_start = LOADADDR (.data)
                0x000047b0                __data_load_end = (__data_load_start + SIZEOF (.data))

.noinit         0x00800299        0x0
                0x00800299                PROVIDE (__noinit_start, .)
 *(.noinit*)
                0x00800299                PROVIDE (__noinit_end, .)
                0x00800299                _end = .
                0x00800299                PROVIDE (__heap_start, .)

.eeprom         0x00810000        0x0
 *(.eeprom*)
                0x00810000                __eeprom_end = .

.fuse
 *(.fuse)
 *(.lfuse)
 *(.hfuse)
 *(.efuse)

.lock
 *(.lock*)

.signature
 *(.signature*)

.stab           0x00000000     0x5c1c
 *(.stab)
 .stab          0x00000000      0x21c ./MCAL/WDT/WDT_Program.o
 .stab          0x0000021c       0xd8 ./MCAL/UART/UART_Cfg.o
                                 0xe4 (size before relaxing)
 .stab          0x000002f4      0x57c ./MCAL/UART/UART_Program.o
                                0x5f4 (size before relaxing)
 .stab          0x00000870      0x510 ./MCAL/TWI/TWI_Program.o
                                0x588 (size before relaxing)
 .stab          0x00000d80       0xd8 ./MCAL/TWI/TWI_cfg.o
                                 0xe4 (size before relaxing)
 .stab          0x00000e58      0x174 ./MCAL/TIMER1/TIMER1_Cfg.o
                                0x1ec (size before relaxing)
 .stab          0x00000fcc      0x2dc ./MCAL/TIMER1/TIMER1_Program.o
                                0x3cc (size before relaxing)
 .stab          0x000012a8      0x5f4 ./MCAL/TIMER0/TIMER0_Program.o
                                0x66c (size before relaxing)
 .stab          0x0000189c       0xfc ./MCAL/TIMER0/TIMER0_cfg.o
                                0x1c8 (size before relaxing)
 .stab          0x00001998      0x1a4 ./MCAL/SPI/SPI_Cfg.o
                                0x21c (size before relaxing)
 .stab          0x00001b3c      0x2dc ./MCAL/SPI/SPI_Program.o
                                0x408 (size before relaxing)
 .stab          0x00001e18      0x144 ./MCAL/GIE/GIE_Program.o
                                0x1bc (size before relaxing)
 .stab          0x00001f5c      0x36c ./MCAL/EXINT/EXIT_Program.o
                                0x3e4 (size before relaxing)
 .stab          0x000022c8       0xd8 ./MCAL/EXINT/EXIT_cfg.o
                                 0xe4 (size before relaxing)
 .stab          0x000023a0       0xd8 ./MCAL/DIO/DIO_cfg.o
                                 0xe4 (size before relaxing)
 .stab          0x00002478      0x4c8 ./MCAL/DIO/DIO_program.o
                                0x540 (size before relaxing)
 .stab          0x00002940       0xd8 ./MCAL/ADC/ADC_Cfg.o
                                 0xe4 (size before relaxing)
 .stab          0x00002a18      0x6d8 ./MCAL/ADC/ADC_Program.o
                                0x750 (size before relaxing)
 .stab          0x000030f0       0xd8 ./HAL/LED/LED_Cfg.o
                                 0xe4 (size before relaxing)
 .stab          0x000031c8      0x288 ./HAL/LED/LED_Program.o
                                0x324 (size before relaxing)
 .stab          0x00003450      0xab0 ./HAL/LCD/LCD_Program.o
                                0xcd8 (size before relaxing)
 .stab          0x00003f00      0x4e0 ./HAL/KEYPAD/KEYPAD_Program.o
                                0x588 (size before relaxing)
 .stab          0x000043e0      0x138 ./HAL/KEYPAD/KEYPAD_cfg.o
                                0x1b0 (size before relaxing)
 .stab          0x00004518      0x60c ./HAL/EEPROM/EEPROM_Program.o
                                0x810 (size before relaxing)
 .stab          0x00004b24      0x300 ./HAL/DC_MOTOR/DC_MOTOR_Program.o
                                0x3a8 (size before relaxing)
 .stab          0x00004e24       0xd8 ./HAL/DC_MOTOR/DC_MOTOR_cfg.o
                                 0xe4 (size before relaxing)
 .stab          0x00004efc      0x1b0 ./HAL/BTNS/BTN2/BTN2_Program.o
                                0x258 (size before relaxing)
 .stab          0x000050ac      0x1b0 ./HAL/BTNS/BTN1/BTN1_Program.o
                                0x258 (size before relaxing)
 .stab          0x0000525c      0x1c8 ./HAL/BTNS/BTN0/BTN0_Program.o
                                0x270 (size before relaxing)
 .stab          0x00005424      0x3c0 ./HAL/7_Ssegment/7Segment_Program.o
                                0x5f4 (size before relaxing)
 .stab          0x000057e4      0x438 ./APP/main.o
                                0x690 (size before relaxing)

.stabstr        0x00000000     0x39a3
 *(.stabstr)
 .stabstr       0x00000000     0x39a3 ./MCAL/WDT/WDT_Program.o

.stab.excl
 *(.stab.excl)

.stab.exclstr
 *(.stab.exclstr)

.stab.index
 *(.stab.index)

.stab.indexstr
 *(.stab.indexstr)

.comment
 *(.comment)

.debug
 *(.debug)

.line
 *(.line)

.debug_srcinfo
 *(.debug_srcinfo)

.debug_sfnames
 *(.debug_sfnames)

.debug_aranges  0x00000000      0x1a0
 *(.debug_aranges)
 .debug_aranges
                0x00000000       0x20 d:/imt_sdk_win_64/winavr/bin/../lib/gcc/avr/4.3.3/avr5\libgcc.a(_fixunssfsi.o)
 .debug_aranges
                0x00000020       0x20 d:/imt_sdk_win_64/winavr/bin/../lib/gcc/avr/4.3.3/avr5\libgcc.a(_addsub_sf.o)
 .debug_aranges
                0x00000040       0x20 d:/imt_sdk_win_64/winavr/bin/../lib/gcc/avr/4.3.3/avr5\libgcc.a(_mul_sf.o)
 .debug_aranges
                0x00000060       0x20 d:/imt_sdk_win_64/winavr/bin/../lib/gcc/avr/4.3.3/avr5\libgcc.a(_div_sf.o)
 .debug_aranges
                0x00000080       0x20 d:/imt_sdk_win_64/winavr/bin/../lib/gcc/avr/4.3.3/avr5\libgcc.a(_gt_sf.o)
 .debug_aranges
                0x000000a0       0x20 d:/imt_sdk_win_64/winavr/bin/../lib/gcc/avr/4.3.3/avr5\libgcc.a(_ge_sf.o)
 .debug_aranges
                0x000000c0       0x20 d:/imt_sdk_win_64/winavr/bin/../lib/gcc/avr/4.3.3/avr5\libgcc.a(_lt_sf.o)
 .debug_aranges
                0x000000e0       0x20 d:/imt_sdk_win_64/winavr/bin/../lib/gcc/avr/4.3.3/avr5\libgcc.a(_sf_to_si.o)
 .debug_aranges
                0x00000100       0x20 d:/imt_sdk_win_64/winavr/bin/../lib/gcc/avr/4.3.3/avr5\libgcc.a(_usi_to_sf.o)
 .debug_aranges
                0x00000120       0x20 d:/imt_sdk_win_64/winavr/bin/../lib/gcc/avr/4.3.3/avr5\libgcc.a(_clzsi2.o)
 .debug_aranges
                0x00000140       0x20 d:/imt_sdk_win_64/winavr/bin/../lib/gcc/avr/4.3.3/avr5\libgcc.a(_pack_sf.o)
 .debug_aranges
                0x00000160       0x20 d:/imt_sdk_win_64/winavr/bin/../lib/gcc/avr/4.3.3/avr5\libgcc.a(_unpack_sf.o)
 .debug_aranges
                0x00000180       0x20 d:/imt_sdk_win_64/winavr/bin/../lib/gcc/avr/4.3.3/avr5\libgcc.a(_fpcmp_parts_sf.o)

.debug_pubnames
                0x00000000      0x1f2
 *(.debug_pubnames)
 .debug_pubnames
                0x00000000       0x23 d:/imt_sdk_win_64/winavr/bin/../lib/gcc/avr/4.3.3/avr5\libgcc.a(_fixunssfsi.o)
 .debug_pubnames
                0x00000023       0x2c d:/imt_sdk_win_64/winavr/bin/../lib/gcc/avr/4.3.3/avr5\libgcc.a(_addsub_sf.o)
 .debug_pubnames
                0x0000004f       0x1f d:/imt_sdk_win_64/winavr/bin/../lib/gcc/avr/4.3.3/avr5\libgcc.a(_mul_sf.o)
 .debug_pubnames
                0x0000006e       0x1f d:/imt_sdk_win_64/winavr/bin/../lib/gcc/avr/4.3.3/avr5\libgcc.a(_div_sf.o)
 .debug_pubnames
                0x0000008d       0x1e d:/imt_sdk_win_64/winavr/bin/../lib/gcc/avr/4.3.3/avr5\libgcc.a(_gt_sf.o)
 .debug_pubnames
                0x000000ab       0x1e d:/imt_sdk_win_64/winavr/bin/../lib/gcc/avr/4.3.3/avr5\libgcc.a(_ge_sf.o)
 .debug_pubnames
                0x000000c9       0x1e d:/imt_sdk_win_64/winavr/bin/../lib/gcc/avr/4.3.3/avr5\libgcc.a(_lt_sf.o)
 .debug_pubnames
                0x000000e7       0x20 d:/imt_sdk_win_64/winavr/bin/../lib/gcc/avr/4.3.3/avr5\libgcc.a(_sf_to_si.o)
 .debug_pubnames
                0x00000107       0x22 d:/imt_sdk_win_64/winavr/bin/../lib/gcc/avr/4.3.3/avr5\libgcc.a(_thenan_sf.o)
 .debug_pubnames
                0x00000129       0x24 d:/imt_sdk_win_64/winavr/bin/../lib/gcc/avr/4.3.3/avr5\libgcc.a(_usi_to_sf.o)
 .debug_pubnames
                0x0000014d       0x1f d:/imt_sdk_win_64/winavr/bin/../lib/gcc/avr/4.3.3/avr5\libgcc.a(_clzsi2.o)
 .debug_pubnames
                0x0000016c       0x1f d:/imt_sdk_win_64/winavr/bin/../lib/gcc/avr/4.3.3/avr5\libgcc.a(_pack_sf.o)
 .debug_pubnames
                0x0000018b       0x21 d:/imt_sdk_win_64/winavr/bin/../lib/gcc/avr/4.3.3/avr5\libgcc.a(_unpack_sf.o)
 .debug_pubnames
                0x000001ac       0x26 d:/imt_sdk_win_64/winavr/bin/../lib/gcc/avr/4.3.3/avr5\libgcc.a(_fpcmp_parts_sf.o)
 .debug_pubnames
                0x000001d2       0x20 d:/imt_sdk_win_64/winavr/bin/../lib/gcc/avr/4.3.3/avr5\libgcc.a(_clz.o)

.debug_info     0x00000000     0x240b
 *(.debug_info)
 .debug_info    0x00000000       0xb1 d:/imt_sdk_win_64/winavr/bin/../lib/gcc/avr/4.3.3/avr5\libgcc.a(_fixunssfsi.o)
 .debug_info    0x000000b1      0x47a d:/imt_sdk_win_64/winavr/bin/../lib/gcc/avr/4.3.3/avr5\libgcc.a(_addsub_sf.o)
 .debug_info    0x0000052b      0x485 d:/imt_sdk_win_64/winavr/bin/../lib/gcc/avr/4.3.3/avr5\libgcc.a(_mul_sf.o)
 .debug_info    0x000009b0      0x3fc d:/imt_sdk_win_64/winavr/bin/../lib/gcc/avr/4.3.3/avr5\libgcc.a(_div_sf.o)
 .debug_info    0x00000dac      0x27f d:/imt_sdk_win_64/winavr/bin/../lib/gcc/avr/4.3.3/avr5\libgcc.a(_gt_sf.o)
 .debug_info    0x0000102b      0x27f d:/imt_sdk_win_64/winavr/bin/../lib/gcc/avr/4.3.3/avr5\libgcc.a(_ge_sf.o)
 .debug_info    0x000012aa      0x27f d:/imt_sdk_win_64/winavr/bin/../lib/gcc/avr/4.3.3/avr5\libgcc.a(_lt_sf.o)
 .debug_info    0x00001529      0x2b0 d:/imt_sdk_win_64/winavr/bin/../lib/gcc/avr/4.3.3/avr5\libgcc.a(_sf_to_si.o)
 .debug_info    0x000017d9      0x12c d:/imt_sdk_win_64/winavr/bin/../lib/gcc/avr/4.3.3/avr5\libgcc.a(_thenan_sf.o)
 .debug_info    0x00001905      0x206 d:/imt_sdk_win_64/winavr/bin/../lib/gcc/avr/4.3.3/avr5\libgcc.a(_usi_to_sf.o)
 .debug_info    0x00001b0b      0x117 d:/imt_sdk_win_64/winavr/bin/../lib/gcc/avr/4.3.3/avr5\libgcc.a(_clzsi2.o)
 .debug_info    0x00001c22      0x2df d:/imt_sdk_win_64/winavr/bin/../lib/gcc/avr/4.3.3/avr5\libgcc.a(_pack_sf.o)
 .debug_info    0x00001f01      0x251 d:/imt_sdk_win_64/winavr/bin/../lib/gcc/avr/4.3.3/avr5\libgcc.a(_unpack_sf.o)
 .debug_info    0x00002152      0x210 d:/imt_sdk_win_64/winavr/bin/../lib/gcc/avr/4.3.3/avr5\libgcc.a(_fpcmp_parts_sf.o)
 .debug_info    0x00002362       0xa9 d:/imt_sdk_win_64/winavr/bin/../lib/gcc/avr/4.3.3/avr5\libgcc.a(_clz.o)
 *(.gnu.linkonce.wi.*)

.debug_abbrev   0x00000000     0x1386
 *(.debug_abbrev)
 .debug_abbrev  0x00000000       0x5d d:/imt_sdk_win_64/winavr/bin/../lib/gcc/avr/4.3.3/avr5\libgcc.a(_fixunssfsi.o)
 .debug_abbrev  0x0000005d      0x1ea d:/imt_sdk_win_64/winavr/bin/../lib/gcc/avr/4.3.3/avr5\libgcc.a(_addsub_sf.o)
 .debug_abbrev  0x00000247      0x21b d:/imt_sdk_win_64/winavr/bin/../lib/gcc/avr/4.3.3/avr5\libgcc.a(_mul_sf.o)
 .debug_abbrev  0x00000462      0x216 d:/imt_sdk_win_64/winavr/bin/../lib/gcc/avr/4.3.3/avr5\libgcc.a(_div_sf.o)
 .debug_abbrev  0x00000678      0x15a d:/imt_sdk_win_64/winavr/bin/../lib/gcc/avr/4.3.3/avr5\libgcc.a(_gt_sf.o)
 .debug_abbrev  0x000007d2      0x15a d:/imt_sdk_win_64/winavr/bin/../lib/gcc/avr/4.3.3/avr5\libgcc.a(_ge_sf.o)
 .debug_abbrev  0x0000092c      0x15a d:/imt_sdk_win_64/winavr/bin/../lib/gcc/avr/4.3.3/avr5\libgcc.a(_lt_sf.o)
 .debug_abbrev  0x00000a86      0x17f d:/imt_sdk_win_64/winavr/bin/../lib/gcc/avr/4.3.3/avr5\libgcc.a(_sf_to_si.o)
 .debug_abbrev  0x00000c05       0xad d:/imt_sdk_win_64/winavr/bin/../lib/gcc/avr/4.3.3/avr5\libgcc.a(_thenan_sf.o)
 .debug_abbrev  0x00000cb2      0x157 d:/imt_sdk_win_64/winavr/bin/../lib/gcc/avr/4.3.3/avr5\libgcc.a(_usi_to_sf.o)
 .debug_abbrev  0x00000e09       0xc4 d:/imt_sdk_win_64/winavr/bin/../lib/gcc/avr/4.3.3/avr5\libgcc.a(_clzsi2.o)
 .debug_abbrev  0x00000ecd      0x1c0 d:/imt_sdk_win_64/winavr/bin/../lib/gcc/avr/4.3.3/avr5\libgcc.a(_pack_sf.o)
 .debug_abbrev  0x0000108d      0x154 d:/imt_sdk_win_64/winavr/bin/../lib/gcc/avr/4.3.3/avr5\libgcc.a(_unpack_sf.o)
 .debug_abbrev  0x000011e1      0x13b d:/imt_sdk_win_64/winavr/bin/../lib/gcc/avr/4.3.3/avr5\libgcc.a(_fpcmp_parts_sf.o)
 .debug_abbrev  0x0000131c       0x6a d:/imt_sdk_win_64/winavr/bin/../lib/gcc/avr/4.3.3/avr5\libgcc.a(_clz.o)

.debug_line     0x00000000     0x11d6
 *(.debug_line)
 .debug_line    0x00000000       0xa7 d:/imt_sdk_win_64/winavr/bin/../lib/gcc/avr/4.3.3/avr5\libgcc.a(_fixunssfsi.o)
 .debug_line    0x000000a7      0x2af d:/imt_sdk_win_64/winavr/bin/../lib/gcc/avr/4.3.3/avr5\libgcc.a(_addsub_sf.o)
 .debug_line    0x00000356      0x239 d:/imt_sdk_win_64/winavr/bin/../lib/gcc/avr/4.3.3/avr5\libgcc.a(_mul_sf.o)
 .debug_line    0x0000058f      0x1d5 d:/imt_sdk_win_64/winavr/bin/../lib/gcc/avr/4.3.3/avr5\libgcc.a(_div_sf.o)
 .debug_line    0x00000764       0xd3 d:/imt_sdk_win_64/winavr/bin/../lib/gcc/avr/4.3.3/avr5\libgcc.a(_gt_sf.o)
 .debug_line    0x00000837       0xd3 d:/imt_sdk_win_64/winavr/bin/../lib/gcc/avr/4.3.3/avr5\libgcc.a(_ge_sf.o)
 .debug_line    0x0000090a       0xd3 d:/imt_sdk_win_64/winavr/bin/../lib/gcc/avr/4.3.3/avr5\libgcc.a(_lt_sf.o)
 .debug_line    0x000009dd      0x109 d:/imt_sdk_win_64/winavr/bin/../lib/gcc/avr/4.3.3/avr5\libgcc.a(_sf_to_si.o)
 .debug_line    0x00000ae6       0x90 d:/imt_sdk_win_64/winavr/bin/../lib/gcc/avr/4.3.3/avr5\libgcc.a(_thenan_sf.o)
 .debug_line    0x00000b76      0x133 d:/imt_sdk_win_64/winavr/bin/../lib/gcc/avr/4.3.3/avr5\libgcc.a(_usi_to_sf.o)
 .debug_line    0x00000ca9       0xa5 d:/imt_sdk_win_64/winavr/bin/../lib/gcc/avr/4.3.3/avr5\libgcc.a(_clzsi2.o)
 .debug_line    0x00000d4e      0x18a d:/imt_sdk_win_64/winavr/bin/../lib/gcc/avr/4.3.3/avr5\libgcc.a(_pack_sf.o)
 .debug_line    0x00000ed8      0x14b d:/imt_sdk_win_64/winavr/bin/../lib/gcc/avr/4.3.3/avr5\libgcc.a(_unpack_sf.o)
 .debug_line    0x00001023      0x137 d:/imt_sdk_win_64/winavr/bin/../lib/gcc/avr/4.3.3/avr5\libgcc.a(_fpcmp_parts_sf.o)
 .debug_line    0x0000115a       0x7c d:/imt_sdk_win_64/winavr/bin/../lib/gcc/avr/4.3.3/avr5\libgcc.a(_clz.o)

.debug_frame    0x00000000      0x1c0
 *(.debug_frame)
 .debug_frame   0x00000000       0x20 d:/imt_sdk_win_64/winavr/bin/../lib/gcc/avr/4.3.3/avr5\libgcc.a(_fixunssfsi.o)
 .debug_frame   0x00000020       0x40 d:/imt_sdk_win_64/winavr/bin/../lib/gcc/avr/4.3.3/avr5\libgcc.a(_addsub_sf.o)
 .debug_frame   0x00000060       0x20 d:/imt_sdk_win_64/winavr/bin/../lib/gcc/avr/4.3.3/avr5\libgcc.a(_mul_sf.o)
 .debug_frame   0x00000080       0x20 d:/imt_sdk_win_64/winavr/bin/../lib/gcc/avr/4.3.3/avr5\libgcc.a(_div_sf.o)
 .debug_frame   0x000000a0       0x20 d:/imt_sdk_win_64/winavr/bin/../lib/gcc/avr/4.3.3/avr5\libgcc.a(_gt_sf.o)
 .debug_frame   0x000000c0       0x20 d:/imt_sdk_win_64/winavr/bin/../lib/gcc/avr/4.3.3/avr5\libgcc.a(_ge_sf.o)
 .debug_frame   0x000000e0       0x20 d:/imt_sdk_win_64/winavr/bin/../lib/gcc/avr/4.3.3/avr5\libgcc.a(_lt_sf.o)
 .debug_frame   0x00000100       0x20 d:/imt_sdk_win_64/winavr/bin/../lib/gcc/avr/4.3.3/avr5\libgcc.a(_sf_to_si.o)
 .debug_frame   0x00000120       0x20 d:/imt_sdk_win_64/winavr/bin/../lib/gcc/avr/4.3.3/avr5\libgcc.a(_usi_to_sf.o)
 .debug_frame   0x00000140       0x20 d:/imt_sdk_win_64/winavr/bin/../lib/gcc/avr/4.3.3/avr5\libgcc.a(_clzsi2.o)
 .debug_frame   0x00000160       0x20 d:/imt_sdk_win_64/winavr/bin/../lib/gcc/avr/4.3.3/avr5\libgcc.a(_pack_sf.o)
 .debug_frame   0x00000180       0x20 d:/imt_sdk_win_64/winavr/bin/../lib/gcc/avr/4.3.3/avr5\libgcc.a(_unpack_sf.o)
 .debug_frame   0x000001a0       0x20 d:/imt_sdk_win_64/winavr/bin/../lib/gcc/avr/4.3.3/avr5\libgcc.a(_fpcmp_parts_sf.o)

.debug_str      0x00000000      0x2f6
 *(.debug_str)
 .debug_str     0x00000000       0xbf d:/imt_sdk_win_64/winavr/bin/../lib/gcc/avr/4.3.3/avr5\libgcc.a(_fixunssfsi.o)
                                 0xfe (size before relaxing)
 .debug_str     0x000000bf      0x14d d:/imt_sdk_win_64/winavr/bin/../lib/gcc/avr/4.3.3/avr5\libgcc.a(_addsub_sf.o)
                                0x206 (size before relaxing)
 .debug_str     0x0000020c       0x27 d:/imt_sdk_win_64/winavr/bin/../lib/gcc/avr/4.3.3/avr5\libgcc.a(_mul_sf.o)
                                0x1bf (size before relaxing)
 .debug_str     0x00000233       0x35 d:/imt_sdk_win_64/winavr/bin/../lib/gcc/avr/4.3.3/avr5\libgcc.a(_div_sf.o)
                                0x1c8 (size before relaxing)
 .debug_str     0x00000268        0x8 d:/imt_sdk_win_64/winavr/bin/../lib/gcc/avr/4.3.3/avr5\libgcc.a(_gt_sf.o)
                                0x195 (size before relaxing)
 .debug_str     0x00000270        0x8 d:/imt_sdk_win_64/winavr/bin/../lib/gcc/avr/4.3.3/avr5\libgcc.a(_ge_sf.o)
                                0x195 (size before relaxing)
 .debug_str     0x00000278        0x8 d:/imt_sdk_win_64/winavr/bin/../lib/gcc/avr/4.3.3/avr5\libgcc.a(_lt_sf.o)
                                0x195 (size before relaxing)
 .debug_str     0x00000280        0xa d:/imt_sdk_win_64/winavr/bin/../lib/gcc/avr/4.3.3/avr5\libgcc.a(_sf_to_si.o)
                                0x19e (size before relaxing)
 .debug_str     0x00000000      0x103 d:/imt_sdk_win_64/winavr/bin/../lib/gcc/avr/4.3.3/avr5\libgcc.a(_thenan_sf.o)
 .debug_str     0x0000028a       0x21 d:/imt_sdk_win_64/winavr/bin/../lib/gcc/avr/4.3.3/avr5\libgcc.a(_usi_to_sf.o)
                                0x177 (size before relaxing)
 .debug_str     0x000002ab       0x20 d:/imt_sdk_win_64/winavr/bin/../lib/gcc/avr/4.3.3/avr5\libgcc.a(_clzsi2.o)
                                0x111 (size before relaxing)
 .debug_str     0x000002cb       0x10 d:/imt_sdk_win_64/winavr/bin/../lib/gcc/avr/4.3.3/avr5\libgcc.a(_pack_sf.o)
                                0x19d (size before relaxing)
 .debug_str     0x000002db        0xb d:/imt_sdk_win_64/winavr/bin/../lib/gcc/avr/4.3.3/avr5\libgcc.a(_unpack_sf.o)
                                0x17f (size before relaxing)
 .debug_str     0x000002e6       0x10 d:/imt_sdk_win_64/winavr/bin/../lib/gcc/avr/4.3.3/avr5\libgcc.a(_fpcmp_parts_sf.o)
                                0x163 (size before relaxing)
 .debug_str     0x00000000       0xf4 d:/imt_sdk_win_64/winavr/bin/../lib/gcc/avr/4.3.3/avr5\libgcc.a(_clz.o)

.debug_loc      0x00000000      0x96e
 *(.debug_loc)
 .debug_loc     0x00000000       0x34 d:/imt_sdk_win_64/winavr/bin/../lib/gcc/avr/4.3.3/avr5\libgcc.a(_fixunssfsi.o)
 .debug_loc     0x00000034      0x32a d:/imt_sdk_win_64/winavr/bin/../lib/gcc/avr/4.3.3/avr5\libgcc.a(_addsub_sf.o)
 .debug_loc     0x0000035e      0x104 d:/imt_sdk_win_64/winavr/bin/../lib/gcc/avr/4.3.3/avr5\libgcc.a(_mul_sf.o)
 .debug_loc     0x00000462       0xc0 d:/imt_sdk_win_64/winavr/bin/../lib/gcc/avr/4.3.3/avr5\libgcc.a(_div_sf.o)
 .debug_loc     0x00000522       0x3c d:/imt_sdk_win_64/winavr/bin/../lib/gcc/avr/4.3.3/avr5\libgcc.a(_gt_sf.o)
 .debug_loc     0x0000055e       0x3c d:/imt_sdk_win_64/winavr/bin/../lib/gcc/avr/4.3.3/avr5\libgcc.a(_ge_sf.o)
 .debug_loc     0x0000059a       0x3c d:/imt_sdk_win_64/winavr/bin/../lib/gcc/avr/4.3.3/avr5\libgcc.a(_lt_sf.o)
 .debug_loc     0x000005d6       0x7e d:/imt_sdk_win_64/winavr/bin/../lib/gcc/avr/4.3.3/avr5\libgcc.a(_sf_to_si.o)
 .debug_loc     0x00000654       0x4c d:/imt_sdk_win_64/winavr/bin/../lib/gcc/avr/4.3.3/avr5\libgcc.a(_usi_to_sf.o)
 .debug_loc     0x000006a0       0x94 d:/imt_sdk_win_64/winavr/bin/../lib/gcc/avr/4.3.3/avr5\libgcc.a(_clzsi2.o)
 .debug_loc     0x00000734      0x13e d:/imt_sdk_win_64/winavr/bin/../lib/gcc/avr/4.3.3/avr5\libgcc.a(_pack_sf.o)
 .debug_loc     0x00000872       0xac d:/imt_sdk_win_64/winavr/bin/../lib/gcc/avr/4.3.3/avr5\libgcc.a(_unpack_sf.o)
 .debug_loc     0x0000091e       0x50 d:/imt_sdk_win_64/winavr/bin/../lib/gcc/avr/4.3.3/avr5\libgcc.a(_fpcmp_parts_sf.o)

.debug_macinfo
 *(.debug_macinfo)
OUTPUT(Project_1.elf elf32-avr)
LOAD linker stubs

.debug_ranges   0x00000000       0x50
 .debug_ranges  0x00000000       0x50 d:/imt_sdk_win_64/winavr/bin/../lib/gcc/avr/4.3.3/avr5\libgcc.a(_mul_sf.o)
